ERROR:root:Failed to parse Alaa Magdy _ LinkedIn.html: too many values to unpack (expected 4)
ERROR:root:Failed to parse Grishon Nganga _ LinkedIn.html: too many values to unpack (expected 4)
ERROR:root:Failed to parse Sanglap Mridha _ LinkedIn.html: too many values to unpack (expected 4)
ERROR:root:Failed to parse Veera vara prasad Devarabotla _ LinkedIn.html: too many values to unpack (expected 4)
ERROR:root:Failed to parse Lerato Motsabi _ LinkedIn.html: too many values to unpack (expected 4)
ERROR:root:Failed to parse Meher Krishna Thatavarthi _ LinkedIn.html: too many values to unpack (expected 4)
ERROR:root:Failed to parse Rakesh Billy _ LinkedIn.html: too many values to unpack (expected 4)
ERROR:root:Failed to parse Akhilesh Pandey _ LinkedIn.html: too many values to unpack (expected 4)
ERROR:root:Failed to parse Abhinaba Kashyap _ LinkedIn.html: too many values to unpack (expected 4)
ERROR:root:Failed to parse David Torres _ LinkedIn.html: too many values to unpack (expected 4)
ERROR:root:Failed to parse Sofia Kotova _ LinkedIn.html: too many values to unpack (expected 4)
ERROR:root:Failed to parse Anthony Thomas _ LinkedIn.html: too many values to unpack (expected 4)
ERROR:root:Failed to parse Harsh Singh _ LinkedIn.html: too many values to unpack (expected 4)
ERROR:root:Failed to parse M Usama Butt _ LinkedIn.html: too many values to unpack (expected 4)
ERROR:root:Failed to parse Oscar Taza _ LinkedIn.html: too many values to unpack (expected 4)
ERROR:root:Failed to parse Vijay Sahani _ LinkedIn.html: too many values to unpack (expected 4)
ERROR:root:Failed to parse Shilpa Puli _ LinkedIn.html: too many values to unpack (expected 4)
ERROR:root:Failed to parse Rugved Dhorje _ LinkedIn.html: too many values to unpack (expected 4)
ERROR:root:Failed to parse Deni Kotsev _ LinkedIn.html: too many values to unpack (expected 4)
ERROR:root:Failed to parse Rohit Soni _ LinkedIn.html: too many values to unpack (expected 4)
ERROR:root:Failed to parse Aditya Bastawad _ LinkedIn.html: too many values to unpack (expected 4)
ERROR:root:Failed to parse María De Los Angeles Sánchez _ LinkedIn.html: too many values to unpack (expected 4)
ERROR:root:Failed to parse Noor Ul Ain _ LinkedIn.html: too many values to unpack (expected 4)
ERROR:root:Failed to parse Puja Wagh _ LinkedIn.html: too many values to unpack (expected 4)
ERROR:root:Failed to parse Bharat Sharma _ LinkedIn.html: too many values to unpack (expected 4)
ERROR:root:Failed to parse Lohita Suvvari _ LinkedIn.html: too many values to unpack (expected 4)
ERROR:root:Failed to parse Helena Park _ LinkedIn.html: too many values to unpack (expected 4)
ERROR:root:Failed to parse Yogendra Singh Verma _ LinkedIn.html: too many values to unpack (expected 4)
ERROR:root:Failed to parse Kritagya Mishra _ LinkedIn.html: too many values to unpack (expected 4)
ERROR:root:Failed to parse Madhavi Pasupuleti _ LinkedIn.html: too many values to unpack (expected 4)
ERROR:root:Failed to parse Shama Tabassum _ LinkedIn.html: too many values to unpack (expected 4)
ERROR:root:Failed to parse Srajan Kumar _ LinkedIn.html: too many values to unpack (expected 4)
ERROR:root:Failed to parse Tanmay Soni _ LinkedIn.html: too many values to unpack (expected 4)
ERROR:root:Failed to parse Sharanya Menon _ LinkedIn.html: too many values to unpack (expected 4)
ERROR:root:Failed to parse Yugesh M M _ LinkedIn.html: too many values to unpack (expected 4)
ERROR:root:Failed to parse adnan khan _ LinkedIn.html: too many values to unpack (expected 4)
ERROR:root:Failed to parse Noble Khatra _ LinkedIn.html: too many values to unpack (expected 4)
ERROR:root:Failed to parse Prasun Acharjee _ LinkedIn.html: too many values to unpack (expected 4)
ERROR:root:Failed to parse Hanzala Darahi _ LinkedIn.html: too many values to unpack (expected 4)
ERROR:root:Failed to parse Çağrı Yardımcı _ LinkedIn.html: too many values to unpack (expected 4)
ERROR:root:Failed to parse Ashish Kumar Yadav _ LinkedIn.html: too many values to unpack (expected 4)
ERROR:root:Failed to parse Amit Samadder _ LinkedIn.html: too many values to unpack (expected 4)
ERROR:root:Failed to parse Mansi Piyush Vaghasiya _ LinkedIn.html: too many values to unpack (expected 4)
ERROR:root:Failed to parse John Fasoulis _ LinkedIn.html: too many values to unpack (expected 4)
ERROR:root:Failed to parse Kinnari Buch _ LinkedIn.html: too many values to unpack (expected 4)
ERROR:root:Failed to parse Govind Vishwakarma _ LinkedIn.html: too many values to unpack (expected 4)
ERROR:root:Failed to parse Javed Ansari _ LinkedIn.html: too many values to unpack (expected 4)
ERROR:root:Failed to parse Mehrab M. _ LinkedIn.html: too many values to unpack (expected 4)
ERROR:root:Failed to parse Shubham Mohite _ LinkedIn.html: too many values to unpack (expected 4)
ERROR:root:Failed to parse Al Hammad _ LinkedIn.html: too many values to unpack (expected 4)
ERROR:root:Failed to parse Aafreen 🌻 ✨ _ LinkedIn.html: too many values to unpack (expected 4)
ERROR:root:Failed to parse Abanoub Kamil _ LinkedIn.html: too many values to unpack (expected 4)
ERROR:root:Failed to parse Aanshi Lahoti _ LinkedIn.html: too many values to unpack (expected 4)
ERROR:root:Failed to parse Puhupwas Bind _ LinkedIn.html: too many values to unpack (expected 4)
ERROR:root:Failed to parse P. Sri Harsha Kumar _ LinkedIn.html: too many values to unpack (expected 4)
ERROR:root:Failed to parse Deepak Karanjekar _ LinkedIn.html: too many values to unpack (expected 4)
ERROR:root:Failed to parse SHRUTI PANDEY _ LinkedIn.html: too many values to unpack (expected 4)
ERROR:root:Failed to parse Shivam Sharma _ LinkedIn.html: too many values to unpack (expected 4)
ERROR:root:Failed to parse Lakshyadeep Gogoi _ LinkedIn.html: too many values to unpack (expected 4)
ERROR:root:Failed to parse Sharjil Khan _ LinkedIn.html: too many values to unpack (expected 4)
ERROR:root:Failed to parse Md Aminul Hoque _ LinkedIn.html: too many values to unpack (expected 4)
ERROR:root:Failed to parse Büşra Durmuş _ LinkedIn.html: too many values to unpack (expected 4)
ERROR:root:Failed to parse Ivan P. _ LinkedIn.html: too many values to unpack (expected 4)
ERROR:root:Failed to parse Rakesh T _ LinkedIn.html: too many values to unpack (expected 4)
ERROR:root:Failed to parse Vince Quinaging _ LinkedIn.html: too many values to unpack (expected 4)
ERROR:root:Failed to parse Deepak Maurya _ LinkedIn.html: too many values to unpack (expected 4)
ERROR:root:Failed to parse Muhammad Ahsan Siddiq _ LinkedIn.html: too many values to unpack (expected 4)
ERROR:root:Failed to parse Maxwell Haron _ LinkedIn.html: too many values to unpack (expected 4)
ERROR:root:Failed to parse Marcelito Cosicol _ LinkedIn.html: too many values to unpack (expected 4)
ERROR:root:Failed to parse Manaswi Rama _ LinkedIn.html: too many values to unpack (expected 4)
ERROR:root:Failed to parse Pavitra Herakal _ LinkedIn.html: too many values to unpack (expected 4)
ERROR:root:Failed to parse Everett White _ LinkedIn.html: too many values to unpack (expected 4)
ERROR:root:Failed to parse Justin Ariem _ LinkedIn.html: too many values to unpack (expected 4)
ERROR:root:Failed to parse Anna Sokolova _ LinkedIn.html: too many values to unpack (expected 4)
ERROR:root:Failed to parse Radhesh Pandey _ LinkedIn.html: too many values to unpack (expected 4)
ERROR:root:Failed to parse Alejandro De Leon _ LinkedIn.html: too many values to unpack (expected 4)
ERROR:root:Failed to parse Sayali Takalkar _ LinkedIn.html: too many values to unpack (expected 4)
ERROR:root:Failed to parse Divya Srivastava _ LinkedIn.html: too many values to unpack (expected 4)
ERROR:root:Failed to parse Viniktha Gadde _ LinkedIn.html: too many values to unpack (expected 4)
ERROR:root:Failed to parse Jaya Patidar _ LinkedIn.html: too many values to unpack (expected 4)
ERROR:root:Failed to parse Ahmed Elshobaky _ LinkedIn.html: too many values to unpack (expected 4)
ERROR:root:Failed to parse PRASHANT RAJ _ LinkedIn.html: too many values to unpack (expected 4)
ERROR:root:Failed to parse Rahul Chougule _ LinkedIn.html: too many values to unpack (expected 4)
ERROR:root:Failed to parse Alfredo Salzillo _ LinkedIn.html: too many values to unpack (expected 4)
ERROR:root:Failed to parse Christian Stevens _ LinkedIn.html: too many values to unpack (expected 4)
ERROR:root:Failed to parse Abdul Wahab _ LinkedIn.html: too many values to unpack (expected 4)
ERROR:root:Failed to parse Tarun Lalwani _ LinkedIn.html: too many values to unpack (expected 4)
ERROR:root:Failed to parse Syed Absar Qadri _ LinkedIn.html: too many values to unpack (expected 4)
ERROR:root:Failed to parse Muhesh C _ LinkedIn.html: too many values to unpack (expected 4)
ERROR:root:Failed to parse Faruq Kureshi _ LinkedIn.html: too many values to unpack (expected 4)
ERROR:root:Failed to parse Abhinay Pawar _ LinkedIn.html: too many values to unpack (expected 4)
ERROR:root:Failed to parse Vache Khanoyan _ LinkedIn.html: too many values to unpack (expected 4)
ERROR:root:Failed to parse José Pereira _ LinkedIn.html: too many values to unpack (expected 4)
ERROR:root:Failed to parse Muhammad Juan Al Firdaus _ LinkedIn.html: too many values to unpack (expected 4)
ERROR:root:Failed to parse Cassidy Sisco-Martinez _ LinkedIn.html: too many values to unpack (expected 4)
ERROR:root:Failed to parse Nur A Alam Khan _ LinkedIn.html: too many values to unpack (expected 4)
ERROR:root:Failed to parse SHAIK AZEEM VALLI _ LinkedIn.html: too many values to unpack (expected 4)
ERROR:root:Failed to parse Sharani Regonda _ LinkedIn.html: too many values to unpack (expected 4)
ERROR:root:Failed to parse Vladislav S. _ LinkedIn.html: too many values to unpack (expected 4)
ERROR:root:Failed to parse Mukund Sureshkumar _ LinkedIn.html: too many values to unpack (expected 4)
ERROR:root:Failed to parse Sandeep Saraf _ LinkedIn.html: too many values to unpack (expected 4)
ERROR:root:Failed to parse Akshay Pratap Singh _ LinkedIn.html: too many values to unpack (expected 4)
ERROR:root:Failed to parse Joel P. _ LinkedIn.html: too many values to unpack (expected 4)
ERROR:root:Failed to parse Priyanshu Hota _ LinkedIn.html: too many values to unpack (expected 4)
ERROR:root:Failed to parse Anh Tuan Nguyen _ LinkedIn.html: too many values to unpack (expected 4)
ERROR:root:Failed to parse Divya Bhavar _ LinkedIn.html: too many values to unpack (expected 4)
ERROR:root:Failed to parse Kousikkumar P _ LinkedIn.html: too many values to unpack (expected 4)
ERROR:root:Failed to parse Ovais Ahmad Khanday _ LinkedIn.html: too many values to unpack (expected 4)
ERROR:root:Failed to parse Prestone Ong_oro _ LinkedIn.html: too many values to unpack (expected 4)
ERROR:root:Failed to parse Yazan Alkhabbaz _ LinkedIn.html: too many values to unpack (expected 4)
ERROR:root:Failed to parse Tejaswika Pandey _ LinkedIn.html: too many values to unpack (expected 4)
ERROR:root:Failed to parse Bruna Flôr _ LinkedIn.html: too many values to unpack (expected 4)
ERROR:root:Failed to parse Toshik Rathore _ LinkedIn.html: too many values to unpack (expected 4)
ERROR:root:Failed to parse Supratip Bhattacharya _ LinkedIn.html: too many values to unpack (expected 4)
ERROR:root:Failed to parse José Antonio Cabello Pérez _ LinkedIn.html: too many values to unpack (expected 4)
ERROR:root:Failed to parse Rohan Kumar Singh _ LinkedIn.html: too many values to unpack (expected 4)
ERROR:root:Failed to parse Alex Z. _ LinkedIn.html: too many values to unpack (expected 4)
ERROR:root:Failed to parse Charles Norris _ LinkedIn.html: too many values to unpack (expected 4)
ERROR:root:Failed to parse Roland Umoh _ LinkedIn.html: too many values to unpack (expected 4)
ERROR:root:Failed to parse Pavan Sai Gajula _ LinkedIn.html: too many values to unpack (expected 4)
ERROR:root:Failed to parse Sai Priya N _ LinkedIn.html: too many values to unpack (expected 4)
ERROR:root:Failed to parse Johnatan Andrés Arango Rodríguez _ LinkedIn.html: too many values to unpack (expected 4)
ERROR:root:Failed to parse Abhinav Kokkadan _ LinkedIn.html: too many values to unpack (expected 4)
ERROR:root:Failed to parse Jogeshwaran S _ LinkedIn.html: too many values to unpack (expected 4)
ERROR:root:Failed to parse David Kim _ LinkedIn.html: too many values to unpack (expected 4)
ERROR:root:Failed to parse Akash Dasgupta _ LinkedIn.html: too many values to unpack (expected 4)
ERROR:root:Failed to parse Shukuralillahi Bakare _ LinkedIn.html: too many values to unpack (expected 4)
ERROR:root:Failed to parse Viral Bhoot _ LinkedIn.html: too many values to unpack (expected 4)
ERROR:root:Failed to parse Unnati Rastogi _ LinkedIn.html: too many values to unpack (expected 4)
ERROR:root:Failed to parse Michael Borado _ LinkedIn.html: too many values to unpack (expected 4)
ERROR:root:Failed to parse Abdullah Jamil _ LinkedIn.html: too many values to unpack (expected 4)
ERROR:root:Failed to parse Adnane Aref _ LinkedIn.html: too many values to unpack (expected 4)
ERROR:root:Failed to parse Hristijan Veleski _ LinkedIn.html: too many values to unpack (expected 4)
ERROR:root:Failed to parse Abhinav Bachu _ LinkedIn.html: too many values to unpack (expected 4)
ERROR:root:Failed to parse Daniel Chibuogwu _ LinkedIn.html: too many values to unpack (expected 4)
ERROR:root:Failed to parse Mateen Nawaz _ LinkedIn.html: too many values to unpack (expected 4)
ERROR:root:Failed to parse Seda Hayrapetyan _ LinkedIn.html: too many values to unpack (expected 4)
ERROR:root:Failed to parse Tatia Daghelashvili _ LinkedIn.html: too many values to unpack (expected 4)
ERROR:root:Failed to parse Astha Nema _ LinkedIn.html: too many values to unpack (expected 4)
ERROR:root:Failed to parse Priyabrata BISWAL _ LinkedIn.html: too many values to unpack (expected 4)
ERROR:root:Failed to parse Jan Golder _ LinkedIn.html: too many values to unpack (expected 4)
ERROR:root:Failed to parse Alfiya siddiqui _ LinkedIn.html: too many values to unpack (expected 4)
ERROR:root:Failed to parse Harshitha Velumakanne _ LinkedIn.html: too many values to unpack (expected 4)
ERROR:root:Failed to parse Ravi Verma _ LinkedIn.html: too many values to unpack (expected 4)
ERROR:root:Failed to parse Sayantan Roy _ LinkedIn.html: too many values to unpack (expected 4)
ERROR:root:Failed to parse Hitanshu Shah _ LinkedIn.html: too many values to unpack (expected 4)
ERROR:root:Failed to parse Chidera Chukwuka _ LinkedIn.html: too many values to unpack (expected 4)
ERROR:root:Failed to parse Varun Mahankali _ LinkedIn.html: too many values to unpack (expected 4)
ERROR:root:Failed to parse Nidheesh Velutheri _ LinkedIn.html: too many values to unpack (expected 4)
ERROR:root:Failed to parse Anish Peshwe _ LinkedIn.html: too many values to unpack (expected 4)
ERROR:root:Failed to parse Raghav Somani _ LinkedIn.html: too many values to unpack (expected 4)
ERROR:root:Failed to parse Pushpendra Kumar Bais _ LinkedIn.html: too many values to unpack (expected 4)
ERROR:root:Failed to parse Jorge Luis Corea Rueda _ LinkedIn.html: too many values to unpack (expected 4)
ERROR:root:Failed to parse Y E. _ LinkedIn.html: too many values to unpack (expected 4)
ERROR:root:Failed to parse Venkata Rathnam Kuntru _ LinkedIn.html: too many values to unpack (expected 4)
ERROR:root:Failed to parse Devnandan Yadav _ LinkedIn.html: too many values to unpack (expected 4)
ERROR:root:Failed to parse Mukul Sharma _ LinkedIn.html: too many values to unpack (expected 4)
ERROR:root:Failed to parse Md Asif Anjum _ LinkedIn.html: too many values to unpack (expected 4)
ERROR:root:Failed to parse Vansh Vansh _ LinkedIn.html: too many values to unpack (expected 4)
ERROR:root:Failed to parse Raymond Rupiah _ LinkedIn.html: too many values to unpack (expected 4)
ERROR:root:Failed to parse Daniel Abanto Hernandez _ LinkedIn.html: too many values to unpack (expected 4)
ERROR:root:Failed to parse Gargi Sharma _ LinkedIn.html: too many values to unpack (expected 4)
ERROR:root:Failed to parse Vinita M _ LinkedIn.html: too many values to unpack (expected 4)
ERROR:root:Failed to parse Anastasija Radulović _ LinkedIn.html: too many values to unpack (expected 4)
ERROR:root:Failed to parse Lokesh P S _ LinkedIn.html: too many values to unpack (expected 4)
ERROR:root:Failed to parse Manish Mahto _ LinkedIn.html: too many values to unpack (expected 4)
ERROR:root:Failed to parse Anton Pugachev _ LinkedIn.html: too many values to unpack (expected 4)
ERROR:root:Failed to parse ganji vasu _ LinkedIn.html: too many values to unpack (expected 4)
ERROR:root:Failed to parse Uttej V. _ LinkedIn.html: too many values to unpack (expected 4)
ERROR:root:Failed to parse Herman S. _ LinkedIn.html: too many values to unpack (expected 4)
ERROR:root:Failed to parse Syed umar saifi _ LinkedIn.html: too many values to unpack (expected 4)
ERROR:root:Failed to parse Ankita Kolekar _ LinkedIn.html: too many values to unpack (expected 4)
ERROR:root:Failed to parse Asylbek I. _ LinkedIn.html: too many values to unpack (expected 4)
ERROR:root:Failed to parse Paras Negi _ LinkedIn.html: too many values to unpack (expected 4)
ERROR:root:Failed to parse Kevin Wong _ LinkedIn.html: too many values to unpack (expected 4)
ERROR:root:Failed to parse Edgar G. _ LinkedIn.html: too many values to unpack (expected 4)
ERROR:root:Failed to parse Dmytro Manaienko _ LinkedIn.html: too many values to unpack (expected 4)
ERROR:root:Failed to parse Naga D _ LinkedIn.html: too many values to unpack (expected 4)
ERROR:root:Failed to parse Dhruvik N. _ LinkedIn.html: too many values to unpack (expected 4)
ERROR:root:Failed to parse Sandhya Rani _ LinkedIn.html: too many values to unpack (expected 4)
ERROR:root:Failed to parse Gerald Dominic _ LinkedIn.html: too many values to unpack (expected 4)
ERROR:root:Failed to parse Ayush Raj _ LinkedIn.html: too many values to unpack (expected 4)
ERROR:root:Failed to parse Gourav Pandey _ LinkedIn.html: too many values to unpack (expected 4)
ERROR:root:Failed to parse Navneet Namdev _ LinkedIn.html: too many values to unpack (expected 4)
ERROR:root:Failed to parse Aditya Raj Benn _ LinkedIn.html: too many values to unpack (expected 4)
ERROR:root:Failed to parse Sindhu Reddy _ LinkedIn.html: too many values to unpack (expected 4)
ERROR:root:Failed to parse Rami Zaid _ LinkedIn.html: too many values to unpack (expected 4)
ERROR:root:Failed to parse Vaibhav Sharma _ LinkedIn.html: too many values to unpack (expected 4)
ERROR:root:Failed to parse Yash Chauhan _ LinkedIn.html: too many values to unpack (expected 4)
ERROR:root:Failed to parse Anastasiia Lozhachevska _ LinkedIn.html: too many values to unpack (expected 4)
ERROR:root:Failed to parse Daniel Otoo _ LinkedIn.html: too many values to unpack (expected 4)
ERROR:root:Failed to parse Samuel Langenfeld _ LinkedIn.html: too many values to unpack (expected 4)
ERROR:root:Failed to parse Shiva Kumarr Thimmaraveni _ LinkedIn.html: too many values to unpack (expected 4)
ERROR:root:Failed to parse Roali Tarik Biten _ LinkedIn.html: too many values to unpack (expected 4)
ERROR:root:Failed to parse Manoj Kumar Nalla _ LinkedIn.html: too many values to unpack (expected 4)
ERROR:root:Failed to parse Sana Khan _ LinkedIn.html: too many values to unpack (expected 4)
ERROR:root:Failed to parse Ferdinand Gjoni _ LinkedIn.html: too many values to unpack (expected 4)
ERROR:root:Failed to parse Nirit Nagar _ LinkedIn.html: too many values to unpack (expected 4)
ERROR:root:Failed to parse Omkar Prabhudesai _ LinkedIn.html: too many values to unpack (expected 4)
WARNING:root:No experience lists found in /Users/emilpalikot/Research/AI-Recruiter/data/linkedin/manual_html_v1/Alaa Magdy _ LinkedIn.html
WARNING:root:No experience lists found in /Users/emilpalikot/Research/AI-Recruiter/data/linkedin/manual_html_v1/Grishon Nganga _ LinkedIn.html
WARNING:root:No experience lists found in /Users/emilpalikot/Research/AI-Recruiter/data/linkedin/manual_html_v1/Sanglap Mridha _ LinkedIn.html
WARNING:root:No experience lists found in /Users/emilpalikot/Research/AI-Recruiter/data/linkedin/manual_html_v1/Veera vara prasad Devarabotla _ LinkedIn.html
WARNING:root:No experience lists found in /Users/emilpalikot/Research/AI-Recruiter/data/linkedin/manual_html_v1/Lerato Motsabi _ LinkedIn.html
WARNING:root:No experience lists found in /Users/emilpalikot/Research/AI-Recruiter/data/linkedin/manual_html_v1/Meher Krishna Thatavarthi _ LinkedIn.html
WARNING:root:No experience lists found in /Users/emilpalikot/Research/AI-Recruiter/data/linkedin/manual_html_v1/Rakesh Billy _ LinkedIn.html
WARNING:root:No experience lists found in /Users/emilpalikot/Research/AI-Recruiter/data/linkedin/manual_html_v1/Akhilesh Pandey _ LinkedIn.html
WARNING:root:No experience lists found in /Users/emilpalikot/Research/AI-Recruiter/data/linkedin/manual_html_v1/Abhinaba Kashyap _ LinkedIn.html
WARNING:root:No experience lists found in /Users/emilpalikot/Research/AI-Recruiter/data/linkedin/manual_html_v1/David Torres _ LinkedIn.html
WARNING:root:No experience lists found in /Users/emilpalikot/Research/AI-Recruiter/data/linkedin/manual_html_v1/Sofia Kotova _ LinkedIn.html
WARNING:root:No experience lists found in /Users/emilpalikot/Research/AI-Recruiter/data/linkedin/manual_html_v1/Anthony Thomas _ LinkedIn.html
WARNING:root:No experience lists found in /Users/emilpalikot/Research/AI-Recruiter/data/linkedin/manual_html_v1/Harsh Singh _ LinkedIn.html
WARNING:root:No experience lists found in /Users/emilpalikot/Research/AI-Recruiter/data/linkedin/manual_html_v1/M Usama Butt _ LinkedIn.html
WARNING:root:No experience lists found in /Users/emilpalikot/Research/AI-Recruiter/data/linkedin/manual_html_v1/Oscar Taza _ LinkedIn.html
WARNING:root:No experience lists found in /Users/emilpalikot/Research/AI-Recruiter/data/linkedin/manual_html_v1/Vijay Sahani _ LinkedIn.html
WARNING:root:No experience lists found in /Users/emilpalikot/Research/AI-Recruiter/data/linkedin/manual_html_v1/Shilpa Puli _ LinkedIn.html
WARNING:root:No experience lists found in /Users/emilpalikot/Research/AI-Recruiter/data/linkedin/manual_html_v1/Rugved Dhorje _ LinkedIn.html
WARNING:root:No experience lists found in /Users/emilpalikot/Research/AI-Recruiter/data/linkedin/manual_html_v1/Deni Kotsev _ LinkedIn.html
WARNING:root:No experience lists found in /Users/emilpalikot/Research/AI-Recruiter/data/linkedin/manual_html_v1/Rohit Soni _ LinkedIn.html
WARNING:root:No experience lists found in /Users/emilpalikot/Research/AI-Recruiter/data/linkedin/manual_html_v1/Aditya Bastawad _ LinkedIn.html
WARNING:root:No experience lists found in /Users/emilpalikot/Research/AI-Recruiter/data/linkedin/manual_html_v1/María De Los Angeles Sánchez _ LinkedIn.html
WARNING:root:No experience lists found in /Users/emilpalikot/Research/AI-Recruiter/data/linkedin/manual_html_v1/Noor Ul Ain _ LinkedIn.html
WARNING:root:No experience lists found in /Users/emilpalikot/Research/AI-Recruiter/data/linkedin/manual_html_v1/Puja Wagh _ LinkedIn.html
WARNING:root:No experience lists found in /Users/emilpalikot/Research/AI-Recruiter/data/linkedin/manual_html_v1/Bharat Sharma _ LinkedIn.html
WARNING:root:No experience lists found in /Users/emilpalikot/Research/AI-Recruiter/data/linkedin/manual_html_v1/Lohita Suvvari _ LinkedIn.html
WARNING:root:No experience lists found in /Users/emilpalikot/Research/AI-Recruiter/data/linkedin/manual_html_v1/Helena Park _ LinkedIn.html
WARNING:root:No experience lists found in /Users/emilpalikot/Research/AI-Recruiter/data/linkedin/manual_html_v1/Yogendra Singh Verma _ LinkedIn.html
WARNING:root:No experience lists found in /Users/emilpalikot/Research/AI-Recruiter/data/linkedin/manual_html_v1/Kritagya Mishra _ LinkedIn.html
WARNING:root:No experience lists found in /Users/emilpalikot/Research/AI-Recruiter/data/linkedin/manual_html_v1/Madhavi Pasupuleti _ LinkedIn.html
WARNING:root:No experience lists found in /Users/emilpalikot/Research/AI-Recruiter/data/linkedin/manual_html_v1/Shama Tabassum _ LinkedIn.html
WARNING:root:No experience lists found in /Users/emilpalikot/Research/AI-Recruiter/data/linkedin/manual_html_v1/Srajan Kumar _ LinkedIn.html
WARNING:root:No experience lists found in /Users/emilpalikot/Research/AI-Recruiter/data/linkedin/manual_html_v1/Tanmay Soni _ LinkedIn.html
WARNING:root:No experience lists found in /Users/emilpalikot/Research/AI-Recruiter/data/linkedin/manual_html_v1/Sharanya Menon _ LinkedIn.html
WARNING:root:No experience lists found in /Users/emilpalikot/Research/AI-Recruiter/data/linkedin/manual_html_v1/Yugesh M M _ LinkedIn.html
WARNING:root:No experience lists found in /Users/emilpalikot/Research/AI-Recruiter/data/linkedin/manual_html_v1/adnan khan _ LinkedIn.html
WARNING:root:No experience lists found in /Users/emilpalikot/Research/AI-Recruiter/data/linkedin/manual_html_v1/Noble Khatra _ LinkedIn.html
WARNING:root:No experience lists found in /Users/emilpalikot/Research/AI-Recruiter/data/linkedin/manual_html_v1/Prasun Acharjee _ LinkedIn.html
WARNING:root:No experience lists found in /Users/emilpalikot/Research/AI-Recruiter/data/linkedin/manual_html_v1/Hanzala Darahi _ LinkedIn.html
WARNING:root:No experience lists found in /Users/emilpalikot/Research/AI-Recruiter/data/linkedin/manual_html_v1/Çağrı Yardımcı _ LinkedIn.html
WARNING:root:No experience lists found in /Users/emilpalikot/Research/AI-Recruiter/data/linkedin/manual_html_v1/Ashish Kumar Yadav _ LinkedIn.html
WARNING:root:No experience lists found in /Users/emilpalikot/Research/AI-Recruiter/data/linkedin/manual_html_v1/Amit Samadder _ LinkedIn.html
WARNING:root:No experience lists found in /Users/emilpalikot/Research/AI-Recruiter/data/linkedin/manual_html_v1/Mansi Piyush Vaghasiya _ LinkedIn.html
WARNING:root:No experience lists found in /Users/emilpalikot/Research/AI-Recruiter/data/linkedin/manual_html_v1/John Fasoulis _ LinkedIn.html
WARNING:root:No experience lists found in /Users/emilpalikot/Research/AI-Recruiter/data/linkedin/manual_html_v1/Kinnari Buch _ LinkedIn.html
WARNING:root:No experience lists found in /Users/emilpalikot/Research/AI-Recruiter/data/linkedin/manual_html_v1/Govind Vishwakarma _ LinkedIn.html
WARNING:root:No experience lists found in /Users/emilpalikot/Research/AI-Recruiter/data/linkedin/manual_html_v1/Javed Ansari _ LinkedIn.html
WARNING:root:No experience lists found in /Users/emilpalikot/Research/AI-Recruiter/data/linkedin/manual_html_v1/Mehrab M. _ LinkedIn.html
WARNING:root:No experience lists found in /Users/emilpalikot/Research/AI-Recruiter/data/linkedin/manual_html_v1/Shubham Mohite _ LinkedIn.html
WARNING:root:No experience lists found in /Users/emilpalikot/Research/AI-Recruiter/data/linkedin/manual_html_v1/Al Hammad _ LinkedIn.html
WARNING:root:No experience lists found in /Users/emilpalikot/Research/AI-Recruiter/data/linkedin/manual_html_v1/Aafreen 🌻 ✨ _ LinkedIn.html
WARNING:root:No experience lists found in /Users/emilpalikot/Research/AI-Recruiter/data/linkedin/manual_html_v1/Abanoub Kamil _ LinkedIn.html
WARNING:root:No experience lists found in /Users/emilpalikot/Research/AI-Recruiter/data/linkedin/manual_html_v1/Aanshi Lahoti _ LinkedIn.html
WARNING:root:No experience lists found in /Users/emilpalikot/Research/AI-Recruiter/data/linkedin/manual_html_v1/Puhupwas Bind _ LinkedIn.html
WARNING:root:No experience lists found in /Users/emilpalikot/Research/AI-Recruiter/data/linkedin/manual_html_v1/P. Sri Harsha Kumar _ LinkedIn.html
WARNING:root:No experience lists found in /Users/emilpalikot/Research/AI-Recruiter/data/linkedin/manual_html_v1/Deepak Karanjekar _ LinkedIn.html
WARNING:root:No experience lists found in /Users/emilpalikot/Research/AI-Recruiter/data/linkedin/manual_html_v1/SHRUTI PANDEY _ LinkedIn.html
WARNING:root:No experience lists found in /Users/emilpalikot/Research/AI-Recruiter/data/linkedin/manual_html_v1/Shivam Sharma _ LinkedIn.html
WARNING:root:No experience lists found in /Users/emilpalikot/Research/AI-Recruiter/data/linkedin/manual_html_v1/Lakshyadeep Gogoi _ LinkedIn.html
WARNING:root:No experience lists found in /Users/emilpalikot/Research/AI-Recruiter/data/linkedin/manual_html_v1/Sharjil Khan _ LinkedIn.html
WARNING:root:No experience lists found in /Users/emilpalikot/Research/AI-Recruiter/data/linkedin/manual_html_v1/Md Aminul Hoque _ LinkedIn.html
WARNING:root:No experience lists found in /Users/emilpalikot/Research/AI-Recruiter/data/linkedin/manual_html_v1/Büşra Durmuş _ LinkedIn.html
WARNING:root:No experience lists found in /Users/emilpalikot/Research/AI-Recruiter/data/linkedin/manual_html_v1/Ivan P. _ LinkedIn.html
WARNING:root:No experience lists found in /Users/emilpalikot/Research/AI-Recruiter/data/linkedin/manual_html_v1/Rakesh T _ LinkedIn.html
WARNING:root:No experience lists found in /Users/emilpalikot/Research/AI-Recruiter/data/linkedin/manual_html_v1/Vince Quinaging _ LinkedIn.html
WARNING:root:No experience lists found in /Users/emilpalikot/Research/AI-Recruiter/data/linkedin/manual_html_v1/Deepak Maurya _ LinkedIn.html
WARNING:root:No experience lists found in /Users/emilpalikot/Research/AI-Recruiter/data/linkedin/manual_html_v1/Muhammad Ahsan Siddiq _ LinkedIn.html
WARNING:root:No experience lists found in /Users/emilpalikot/Research/AI-Recruiter/data/linkedin/manual_html_v1/Maxwell Haron _ LinkedIn.html
WARNING:root:No experience lists found in /Users/emilpalikot/Research/AI-Recruiter/data/linkedin/manual_html_v1/Marcelito Cosicol _ LinkedIn.html
WARNING:root:No experience lists found in /Users/emilpalikot/Research/AI-Recruiter/data/linkedin/manual_html_v1/Manaswi Rama _ LinkedIn.html
WARNING:root:No experience lists found in /Users/emilpalikot/Research/AI-Recruiter/data/linkedin/manual_html_v1/Pavitra Herakal _ LinkedIn.html
WARNING:root:No experience lists found in /Users/emilpalikot/Research/AI-Recruiter/data/linkedin/manual_html_v1/Everett White _ LinkedIn.html
WARNING:root:No experience lists found in /Users/emilpalikot/Research/AI-Recruiter/data/linkedin/manual_html_v1/Justin Ariem _ LinkedIn.html
WARNING:root:No experience lists found in /Users/emilpalikot/Research/AI-Recruiter/data/linkedin/manual_html_v1/Anna Sokolova _ LinkedIn.html
WARNING:root:No experience lists found in /Users/emilpalikot/Research/AI-Recruiter/data/linkedin/manual_html_v1/Radhesh Pandey _ LinkedIn.html
WARNING:root:No experience lists found in /Users/emilpalikot/Research/AI-Recruiter/data/linkedin/manual_html_v1/Alejandro De Leon _ LinkedIn.html
WARNING:root:No experience lists found in /Users/emilpalikot/Research/AI-Recruiter/data/linkedin/manual_html_v1/Sayali Takalkar _ LinkedIn.html
WARNING:root:No experience lists found in /Users/emilpalikot/Research/AI-Recruiter/data/linkedin/manual_html_v1/Divya Srivastava _ LinkedIn.html
WARNING:root:No experience lists found in /Users/emilpalikot/Research/AI-Recruiter/data/linkedin/manual_html_v1/Viniktha Gadde _ LinkedIn.html
WARNING:root:No experience lists found in /Users/emilpalikot/Research/AI-Recruiter/data/linkedin/manual_html_v1/Jaya Patidar _ LinkedIn.html
WARNING:root:No experience lists found in /Users/emilpalikot/Research/AI-Recruiter/data/linkedin/manual_html_v1/Ahmed Elshobaky _ LinkedIn.html
WARNING:root:No experience lists found in /Users/emilpalikot/Research/AI-Recruiter/data/linkedin/manual_html_v1/PRASHANT RAJ _ LinkedIn.html
WARNING:root:No experience lists found in /Users/emilpalikot/Research/AI-Recruiter/data/linkedin/manual_html_v1/Rahul Chougule _ LinkedIn.html
WARNING:root:No experience lists found in /Users/emilpalikot/Research/AI-Recruiter/data/linkedin/manual_html_v1/Alfredo Salzillo _ LinkedIn.html
WARNING:root:No experience lists found in /Users/emilpalikot/Research/AI-Recruiter/data/linkedin/manual_html_v1/Christian Stevens _ LinkedIn.html
WARNING:root:No experience lists found in /Users/emilpalikot/Research/AI-Recruiter/data/linkedin/manual_html_v1/Abdul Wahab _ LinkedIn.html
WARNING:root:No experience lists found in /Users/emilpalikot/Research/AI-Recruiter/data/linkedin/manual_html_v1/Tarun Lalwani _ LinkedIn.html
WARNING:root:No experience lists found in /Users/emilpalikot/Research/AI-Recruiter/data/linkedin/manual_html_v1/Syed Absar Qadri _ LinkedIn.html
WARNING:root:No experience lists found in /Users/emilpalikot/Research/AI-Recruiter/data/linkedin/manual_html_v1/Muhesh C _ LinkedIn.html
WARNING:root:No experience lists found in /Users/emilpalikot/Research/AI-Recruiter/data/linkedin/manual_html_v1/Faruq Kureshi _ LinkedIn.html
WARNING:root:No experience lists found in /Users/emilpalikot/Research/AI-Recruiter/data/linkedin/manual_html_v1/Abhinay Pawar _ LinkedIn.html
WARNING:root:No experience lists found in /Users/emilpalikot/Research/AI-Recruiter/data/linkedin/manual_html_v1/Vache Khanoyan _ LinkedIn.html
WARNING:root:No experience lists found in /Users/emilpalikot/Research/AI-Recruiter/data/linkedin/manual_html_v1/José Pereira _ LinkedIn.html
WARNING:root:No experience lists found in /Users/emilpalikot/Research/AI-Recruiter/data/linkedin/manual_html_v1/Muhammad Juan Al Firdaus _ LinkedIn.html
WARNING:root:No experience lists found in /Users/emilpalikot/Research/AI-Recruiter/data/linkedin/manual_html_v1/Cassidy Sisco-Martinez _ LinkedIn.html
WARNING:root:No experience lists found in /Users/emilpalikot/Research/AI-Recruiter/data/linkedin/manual_html_v1/Nur A Alam Khan _ LinkedIn.html
WARNING:root:No experience lists found in /Users/emilpalikot/Research/AI-Recruiter/data/linkedin/manual_html_v1/SHAIK AZEEM VALLI _ LinkedIn.html
WARNING:root:No experience lists found in /Users/emilpalikot/Research/AI-Recruiter/data/linkedin/manual_html_v1/Sharani Regonda _ LinkedIn.html
WARNING:root:No experience lists found in /Users/emilpalikot/Research/AI-Recruiter/data/linkedin/manual_html_v1/Vladislav S. _ LinkedIn.html
WARNING:root:No experience lists found in /Users/emilpalikot/Research/AI-Recruiter/data/linkedin/manual_html_v1/Mukund Sureshkumar _ LinkedIn.html
WARNING:root:No experience lists found in /Users/emilpalikot/Research/AI-Recruiter/data/linkedin/manual_html_v1/Sandeep Saraf _ LinkedIn.html
WARNING:root:No experience lists found in /Users/emilpalikot/Research/AI-Recruiter/data/linkedin/manual_html_v1/Akshay Pratap Singh _ LinkedIn.html
WARNING:root:No experience lists found in /Users/emilpalikot/Research/AI-Recruiter/data/linkedin/manual_html_v1/Joel P. _ LinkedIn.html
WARNING:root:No experience lists found in /Users/emilpalikot/Research/AI-Recruiter/data/linkedin/manual_html_v1/Priyanshu Hota _ LinkedIn.html
WARNING:root:No experience lists found in /Users/emilpalikot/Research/AI-Recruiter/data/linkedin/manual_html_v1/Anh Tuan Nguyen _ LinkedIn.html
WARNING:root:No experience lists found in /Users/emilpalikot/Research/AI-Recruiter/data/linkedin/manual_html_v1/Divya Bhavar _ LinkedIn.html
WARNING:root:No experience lists found in /Users/emilpalikot/Research/AI-Recruiter/data/linkedin/manual_html_v1/Kousikkumar P _ LinkedIn.html
WARNING:root:No experience lists found in /Users/emilpalikot/Research/AI-Recruiter/data/linkedin/manual_html_v1/Ovais Ahmad Khanday _ LinkedIn.html
WARNING:root:No experience lists found in /Users/emilpalikot/Research/AI-Recruiter/data/linkedin/manual_html_v1/Prestone Ong_oro _ LinkedIn.html
WARNING:root:No experience lists found in /Users/emilpalikot/Research/AI-Recruiter/data/linkedin/manual_html_v1/Yazan Alkhabbaz _ LinkedIn.html
WARNING:root:No experience lists found in /Users/emilpalikot/Research/AI-Recruiter/data/linkedin/manual_html_v1/Tejaswika Pandey _ LinkedIn.html
WARNING:root:No experience lists found in /Users/emilpalikot/Research/AI-Recruiter/data/linkedin/manual_html_v1/Bruna Flôr _ LinkedIn.html
WARNING:root:No experience lists found in /Users/emilpalikot/Research/AI-Recruiter/data/linkedin/manual_html_v1/Toshik Rathore _ LinkedIn.html
WARNING:root:No experience lists found in /Users/emilpalikot/Research/AI-Recruiter/data/linkedin/manual_html_v1/Supratip Bhattacharya _ LinkedIn.html
WARNING:root:No experience lists found in /Users/emilpalikot/Research/AI-Recruiter/data/linkedin/manual_html_v1/José Antonio Cabello Pérez _ LinkedIn.html
WARNING:root:No experience lists found in /Users/emilpalikot/Research/AI-Recruiter/data/linkedin/manual_html_v1/Rohan Kumar Singh _ LinkedIn.html
WARNING:root:No experience lists found in /Users/emilpalikot/Research/AI-Recruiter/data/linkedin/manual_html_v1/Alex Z. _ LinkedIn.html
WARNING:root:No experience lists found in /Users/emilpalikot/Research/AI-Recruiter/data/linkedin/manual_html_v1/Charles Norris _ LinkedIn.html
WARNING:root:No experience lists found in /Users/emilpalikot/Research/AI-Recruiter/data/linkedin/manual_html_v1/Roland Umoh _ LinkedIn.html
WARNING:root:No experience lists found in /Users/emilpalikot/Research/AI-Recruiter/data/linkedin/manual_html_v1/Pavan Sai Gajula _ LinkedIn.html
WARNING:root:No experience lists found in /Users/emilpalikot/Research/AI-Recruiter/data/linkedin/manual_html_v1/Sai Priya N _ LinkedIn.html
WARNING:root:No experience lists found in /Users/emilpalikot/Research/AI-Recruiter/data/linkedin/manual_html_v1/Johnatan Andrés Arango Rodríguez _ LinkedIn.html
WARNING:root:No experience lists found in /Users/emilpalikot/Research/AI-Recruiter/data/linkedin/manual_html_v1/Abhinav Kokkadan _ LinkedIn.html
WARNING:root:No experience lists found in /Users/emilpalikot/Research/AI-Recruiter/data/linkedin/manual_html_v1/Jogeshwaran S _ LinkedIn.html
WARNING:root:No experience lists found in /Users/emilpalikot/Research/AI-Recruiter/data/linkedin/manual_html_v1/David Kim _ LinkedIn.html
WARNING:root:No experience lists found in /Users/emilpalikot/Research/AI-Recruiter/data/linkedin/manual_html_v1/Akash Dasgupta _ LinkedIn.html
WARNING:root:No experience lists found in /Users/emilpalikot/Research/AI-Recruiter/data/linkedin/manual_html_v1/Shukuralillahi Bakare _ LinkedIn.html
WARNING:root:No experience lists found in /Users/emilpalikot/Research/AI-Recruiter/data/linkedin/manual_html_v1/Viral Bhoot _ LinkedIn.html
WARNING:root:No experience lists found in /Users/emilpalikot/Research/AI-Recruiter/data/linkedin/manual_html_v1/Unnati Rastogi _ LinkedIn.html
WARNING:root:No experience lists found in /Users/emilpalikot/Research/AI-Recruiter/data/linkedin/manual_html_v1/Michael Borado _ LinkedIn.html
WARNING:root:No experience lists found in /Users/emilpalikot/Research/AI-Recruiter/data/linkedin/manual_html_v1/Abdullah Jamil _ LinkedIn.html
WARNING:root:No experience lists found in /Users/emilpalikot/Research/AI-Recruiter/data/linkedin/manual_html_v1/Adnane Aref _ LinkedIn.html
WARNING:root:No experience lists found in /Users/emilpalikot/Research/AI-Recruiter/data/linkedin/manual_html_v1/Hristijan Veleski _ LinkedIn.html
WARNING:root:No experience lists found in /Users/emilpalikot/Research/AI-Recruiter/data/linkedin/manual_html_v1/Abhinav Bachu _ LinkedIn.html
WARNING:root:No experience lists found in /Users/emilpalikot/Research/AI-Recruiter/data/linkedin/manual_html_v1/Daniel Chibuogwu _ LinkedIn.html
WARNING:root:No experience lists found in /Users/emilpalikot/Research/AI-Recruiter/data/linkedin/manual_html_v1/Mateen Nawaz _ LinkedIn.html
WARNING:root:No experience lists found in /Users/emilpalikot/Research/AI-Recruiter/data/linkedin/manual_html_v1/Seda Hayrapetyan _ LinkedIn.html
WARNING:root:No experience lists found in /Users/emilpalikot/Research/AI-Recruiter/data/linkedin/manual_html_v1/Tatia Daghelashvili _ LinkedIn.html
WARNING:root:No experience lists found in /Users/emilpalikot/Research/AI-Recruiter/data/linkedin/manual_html_v1/Astha Nema _ LinkedIn.html
WARNING:root:No experience lists found in /Users/emilpalikot/Research/AI-Recruiter/data/linkedin/manual_html_v1/Priyabrata BISWAL _ LinkedIn.html
WARNING:root:No experience lists found in /Users/emilpalikot/Research/AI-Recruiter/data/linkedin/manual_html_v1/Jan Golder _ LinkedIn.html
WARNING:root:No experience lists found in /Users/emilpalikot/Research/AI-Recruiter/data/linkedin/manual_html_v1/Alfiya siddiqui _ LinkedIn.html
WARNING:root:No experience lists found in /Users/emilpalikot/Research/AI-Recruiter/data/linkedin/manual_html_v1/Harshitha Velumakanne _ LinkedIn.html
WARNING:root:No experience lists found in /Users/emilpalikot/Research/AI-Recruiter/data/linkedin/manual_html_v1/Ravi Verma _ LinkedIn.html
WARNING:root:No experience lists found in /Users/emilpalikot/Research/AI-Recruiter/data/linkedin/manual_html_v1/Sayantan Roy _ LinkedIn.html
WARNING:root:No experience lists found in /Users/emilpalikot/Research/AI-Recruiter/data/linkedin/manual_html_v1/Hitanshu Shah _ LinkedIn.html
WARNING:root:No experience lists found in /Users/emilpalikot/Research/AI-Recruiter/data/linkedin/manual_html_v1/Chidera Chukwuka _ LinkedIn.html
WARNING:root:No experience lists found in /Users/emilpalikot/Research/AI-Recruiter/data/linkedin/manual_html_v1/Varun Mahankali _ LinkedIn.html
WARNING:root:No experience lists found in /Users/emilpalikot/Research/AI-Recruiter/data/linkedin/manual_html_v1/Nidheesh Velutheri _ LinkedIn.html
WARNING:root:No experience lists found in /Users/emilpalikot/Research/AI-Recruiter/data/linkedin/manual_html_v1/Anish Peshwe _ LinkedIn.html
WARNING:root:No experience lists found in /Users/emilpalikot/Research/AI-Recruiter/data/linkedin/manual_html_v1/Raghav Somani _ LinkedIn.html
WARNING:root:No experience lists found in /Users/emilpalikot/Research/AI-Recruiter/data/linkedin/manual_html_v1/Pushpendra Kumar Bais _ LinkedIn.html
WARNING:root:No experience lists found in /Users/emilpalikot/Research/AI-Recruiter/data/linkedin/manual_html_v1/Jorge Luis Corea Rueda _ LinkedIn.html
WARNING:root:No experience lists found in /Users/emilpalikot/Research/AI-Recruiter/data/linkedin/manual_html_v1/Y E. _ LinkedIn.html
WARNING:root:No experience lists found in /Users/emilpalikot/Research/AI-Recruiter/data/linkedin/manual_html_v1/Venkata Rathnam Kuntru _ LinkedIn.html
WARNING:root:No experience lists found in /Users/emilpalikot/Research/AI-Recruiter/data/linkedin/manual_html_v1/Devnandan Yadav _ LinkedIn.html
WARNING:root:No experience lists found in /Users/emilpalikot/Research/AI-Recruiter/data/linkedin/manual_html_v1/Mukul Sharma _ LinkedIn.html
WARNING:root:No experience lists found in /Users/emilpalikot/Research/AI-Recruiter/data/linkedin/manual_html_v1/Md Asif Anjum _ LinkedIn.html
WARNING:root:No experience lists found in /Users/emilpalikot/Research/AI-Recruiter/data/linkedin/manual_html_v1/Vansh Vansh _ LinkedIn.html
WARNING:root:No experience lists found in /Users/emilpalikot/Research/AI-Recruiter/data/linkedin/manual_html_v1/Raymond Rupiah _ LinkedIn.html
WARNING:root:No experience lists found in /Users/emilpalikot/Research/AI-Recruiter/data/linkedin/manual_html_v1/Daniel Abanto Hernandez _ LinkedIn.html
WARNING:root:No experience lists found in /Users/emilpalikot/Research/AI-Recruiter/data/linkedin/manual_html_v1/Gargi Sharma _ LinkedIn.html
WARNING:root:No experience lists found in /Users/emilpalikot/Research/AI-Recruiter/data/linkedin/manual_html_v1/Vinita M _ LinkedIn.html
WARNING:root:No experience lists found in /Users/emilpalikot/Research/AI-Recruiter/data/linkedin/manual_html_v1/Anastasija Radulović _ LinkedIn.html
WARNING:root:No experience lists found in /Users/emilpalikot/Research/AI-Recruiter/data/linkedin/manual_html_v1/Lokesh P S _ LinkedIn.html
WARNING:root:No experience lists found in /Users/emilpalikot/Research/AI-Recruiter/data/linkedin/manual_html_v1/Manish Mahto _ LinkedIn.html
WARNING:root:No experience lists found in /Users/emilpalikot/Research/AI-Recruiter/data/linkedin/manual_html_v1/Anton Pugachev _ LinkedIn.html
WARNING:root:No experience lists found in /Users/emilpalikot/Research/AI-Recruiter/data/linkedin/manual_html_v1/ganji vasu _ LinkedIn.html
WARNING:root:No experience lists found in /Users/emilpalikot/Research/AI-Recruiter/data/linkedin/manual_html_v1/Uttej V. _ LinkedIn.html
WARNING:root:No experience lists found in /Users/emilpalikot/Research/AI-Recruiter/data/linkedin/manual_html_v1/Herman S. _ LinkedIn.html
WARNING:root:No experience lists found in /Users/emilpalikot/Research/AI-Recruiter/data/linkedin/manual_html_v1/Syed umar saifi _ LinkedIn.html
WARNING:root:No experience lists found in /Users/emilpalikot/Research/AI-Recruiter/data/linkedin/manual_html_v1/Ankita Kolekar _ LinkedIn.html
WARNING:root:No experience lists found in /Users/emilpalikot/Research/AI-Recruiter/data/linkedin/manual_html_v1/Asylbek I. _ LinkedIn.html
WARNING:root:No experience lists found in /Users/emilpalikot/Research/AI-Recruiter/data/linkedin/manual_html_v1/Paras Negi _ LinkedIn.html
WARNING:root:No experience lists found in /Users/emilpalikot/Research/AI-Recruiter/data/linkedin/manual_html_v1/Kevin Wong _ LinkedIn.html
WARNING:root:No experience lists found in /Users/emilpalikot/Research/AI-Recruiter/data/linkedin/manual_html_v1/Edgar G. _ LinkedIn.html
WARNING:root:No experience lists found in /Users/emilpalikot/Research/AI-Recruiter/data/linkedin/manual_html_v1/Dmytro Manaienko _ LinkedIn.html
WARNING:root:No experience lists found in /Users/emilpalikot/Research/AI-Recruiter/data/linkedin/manual_html_v1/Naga D _ LinkedIn.html
WARNING:root:No experience lists found in /Users/emilpalikot/Research/AI-Recruiter/data/linkedin/manual_html_v1/Dhruvik N. _ LinkedIn.html
WARNING:root:No experience lists found in /Users/emilpalikot/Research/AI-Recruiter/data/linkedin/manual_html_v1/Sandhya Rani _ LinkedIn.html
WARNING:root:No experience lists found in /Users/emilpalikot/Research/AI-Recruiter/data/linkedin/manual_html_v1/Gerald Dominic _ LinkedIn.html
WARNING:root:No experience lists found in /Users/emilpalikot/Research/AI-Recruiter/data/linkedin/manual_html_v1/Ayush Raj _ LinkedIn.html
WARNING:root:No experience lists found in /Users/emilpalikot/Research/AI-Recruiter/data/linkedin/manual_html_v1/Gourav Pandey _ LinkedIn.html
WARNING:root:No experience lists found in /Users/emilpalikot/Research/AI-Recruiter/data/linkedin/manual_html_v1/Navneet Namdev _ LinkedIn.html
WARNING:root:No experience lists found in /Users/emilpalikot/Research/AI-Recruiter/data/linkedin/manual_html_v1/Aditya Raj Benn _ LinkedIn.html
WARNING:root:No experience lists found in /Users/emilpalikot/Research/AI-Recruiter/data/linkedin/manual_html_v1/Sindhu Reddy _ LinkedIn.html
WARNING:root:No experience lists found in /Users/emilpalikot/Research/AI-Recruiter/data/linkedin/manual_html_v1/Rami Zaid _ LinkedIn.html
WARNING:root:No experience lists found in /Users/emilpalikot/Research/AI-Recruiter/data/linkedin/manual_html_v1/Vaibhav Sharma _ LinkedIn.html
WARNING:root:No experience lists found in /Users/emilpalikot/Research/AI-Recruiter/data/linkedin/manual_html_v1/Yash Chauhan _ LinkedIn.html
WARNING:root:No experience lists found in /Users/emilpalikot/Research/AI-Recruiter/data/linkedin/manual_html_v1/Anastasiia Lozhachevska _ LinkedIn.html
WARNING:root:No experience lists found in /Users/emilpalikot/Research/AI-Recruiter/data/linkedin/manual_html_v1/Daniel Otoo _ LinkedIn.html
WARNING:root:No experience lists found in /Users/emilpalikot/Research/AI-Recruiter/data/linkedin/manual_html_v1/Samuel Langenfeld _ LinkedIn.html
WARNING:root:No experience lists found in /Users/emilpalikot/Research/AI-Recruiter/data/linkedin/manual_html_v1/Shiva Kumarr Thimmaraveni _ LinkedIn.html
WARNING:root:No experience lists found in /Users/emilpalikot/Research/AI-Recruiter/data/linkedin/manual_html_v1/Roali Tarik Biten _ LinkedIn.html
WARNING:root:No experience lists found in /Users/emilpalikot/Research/AI-Recruiter/data/linkedin/manual_html_v1/Manoj Kumar Nalla _ LinkedIn.html
WARNING:root:No experience lists found in /Users/emilpalikot/Research/AI-Recruiter/data/linkedin/manual_html_v1/Sana Khan _ LinkedIn.html
WARNING:root:No experience lists found in /Users/emilpalikot/Research/AI-Recruiter/data/linkedin/manual_html_v1/Ferdinand Gjoni _ LinkedIn.html
WARNING:root:No experience lists found in /Users/emilpalikot/Research/AI-Recruiter/data/linkedin/manual_html_v1/Nirit Nagar _ LinkedIn.html
WARNING:root:No experience lists found in /Users/emilpalikot/Research/AI-Recruiter/data/linkedin/manual_html_v1/Omkar Prabhudesai _ LinkedIn.html
